// Jest Snapshot v1, https://goo.gl/fbAQLP

exports[`ItemWrapper matches the snapshot 1`] = `
<div
  className="item-wrapper"
  style={
    Object {
      "flexBasis": "25%",
      "flexGrow": 1,
      "height": 250,
    }
  }
>
  <div>
    blah
  </div>
</div>
`;
